Release 14.6 - xst P.68d (nt64)
Copyright (c) 1995-2013 Xilinx, Inc.  All rights reserved.
--> Parameter TMPDIR set to xst/projnav.tmp


Total REAL time to Xst completion: 0.00 secs
Total CPU time to Xst completion: 0.15 secs
 
--> Parameter xsthdpdir set to xst


Total REAL time to Xst completion: 0.00 secs
Total CPU time to Xst completion: 0.15 secs
 
--> Reading design: MDatos.prj

TABLE OF CONTENTS
  1) Synthesis Options Summary
  2) HDL Parsing
  3) HDL Elaboration
  4) HDL Synthesis
       4.1) HDL Synthesis Report
  5) Advanced HDL Synthesis
       5.1) Advanced HDL Synthesis Report
  6) Low Level Synthesis
  7) Partition Report
  8) Design Summary
       8.1) Primitive and Black Box Usage
       8.2) Device utilization summary
       8.3) Partition Resource Summary
       8.4) Timing Report
            8.4.1) Clock Information
            8.4.2) Asynchronous Control Signals Information
            8.4.3) Timing Summary
            8.4.4) Timing Details
            8.4.5) Cross Clock Domains Report


=========================================================================
*                      Synthesis Options Summary                        *
=========================================================================
---- Source Parameters
Input File Name                    : "MDatos.prj"
Ignore Synthesis Constraint File   : NO

---- Target Parameters
Output File Name                   : "MDatos"
Output Format                      : NGC
Target Device                      : xc6slx16-3-csg324

---- Source Options
Top Module Name                    : MDatos
Automatic FSM Extraction           : YES
FSM Encoding Algorithm             : Auto
Safe Implementation                : No
FSM Style                          : LUT
RAM Extraction                     : Yes
RAM Style                          : Auto
ROM Extraction                     : Yes
Shift Register Extraction          : YES
ROM Style                          : Auto
Resource Sharing                   : YES
Asynchronous To Synchronous        : NO
Shift Register Minimum Size        : 2
Use DSP Block                      : Auto
Automatic Register Balancing       : No

---- Target Options
LUT Combining                      : Auto
Reduce Control Sets                : Auto
Add IO Buffers                     : YES
Global Maximum Fanout              : 100000
Add Generic Clock Buffer(BUFG)     : 16
Register Duplication               : YES
Optimize Instantiated Primitives   : NO
Use Clock Enable                   : Auto
Use Synchronous Set                : Auto
Use Synchronous Reset              : Auto
Pack IO Registers into IOBs        : Auto
Equivalent register Removal        : YES

---- General Options
Optimization Goal                  : Speed
Optimization Effort                : 1
Power Reduction                    : NO
Keep Hierarchy                     : No
Netlist Hierarchy                  : As_Optimized
RTL Output                         : Yes
Global Optimization                : AllClockNets
Read Cores                         : YES
Write Timing Constraints           : NO
Cross Clock Analysis               : NO
Hierarchy Separator                : /
Bus Delimiter                      : <>
Case Specifier                     : Maintain
Slice Utilization Ratio            : 100
BRAM Utilization Ratio             : 100
DSP48 Utilization Ratio            : 100
Auto BRAM Packing                  : NO
Slice Utilization Ratio Delta      : 5

=========================================================================


=========================================================================
*                          HDL Parsing                                  *
=========================================================================
Parsing VHDL file "C:\Users\Fernando\Desktop\MDatos\MDatos.vhd" into library work
Parsing entity <MDatos>.
Parsing architecture <Behavioral> of entity <mdatos>.

=========================================================================
*                            HDL Elaboration                            *
=========================================================================

Elaborating entity <MDatos> (architecture <Behavioral>) with generics from library <work>.

=========================================================================
*                           HDL Synthesis                               *
=========================================================================

Synthesizing Unit <MDatos>.
    Related source file is "C:\Users\Fernando\Desktop\MDatos\MDatos.vhd".
        addr_width = 10
        memo_size = 1024
        data_width = 32
    Found 1024x32-bit single-port RAM <Mram_memory> for signal <memory>.
    Found 32-bit register for signal <read_data>.
    Summary:
	inferred   1 RAM(s).
	inferred  32 D-type flip-flop(s).
	inferred   2 Multiplexer(s).
Unit <MDatos> synthesized.

=========================================================================
HDL Synthesis Report

Macro Statistics
# RAMs                                                 : 1
 1024x32-bit single-port RAM                           : 1
# Registers                                            : 1
 32-bit register                                       : 1
# Multiplexers                                         : 2
 1-bit 2-to-1 multiplexer                              : 1
 32-bit 2-to-1 multiplexer                             : 1

=========================================================================

=========================================================================
*                       Advanced HDL Synthesis                          *
=========================================================================


Synthesizing (advanced) Unit <MDatos>.
INFO:Xst:3217 - HDL ADVISOR - Register <read_data> currently described with an asynchronous reset, could be combined with distributed RAM <Mram_memory> for implementation on block RAM resources if you made this reset synchronous instead.
    -----------------------------------------------------------------------
    | ram_type           | Distributed                         |          |
    -----------------------------------------------------------------------
    | Port A                                                              |
    |     aspect ratio   | 1024-word x 32-bit                  |          |
    |     clkA           | connected to signal <Clock>         | rise     |
    |     weA            | connected to internal node          | high     |
    |     addrA          | connected to signal <Address<9:0>>  |          |
    |     diA            | connected to signal <WriteData>     |          |
    |     doA            | connected to internal node          |          |
    -----------------------------------------------------------------------
INFO:Xst:3218 - HDL ADVISOR - The RAM <Mram_memory> will be implemented on LUTs either because you have described an asynchronous read or because of currently unsupported block RAM features. If you have described an asynchronous read, making it synchronous would allow you to take advantage of available block RAM resources, for optimized device usage and improved timings. Please refer to your documentation for coding guidelines.
Unit <MDatos> synthesized (advanced).

=========================================================================
Advanced HDL Synthesis Report

Macro Statistics
# RAMs                                                 : 1
 1024x32-bit single-port distributed RAM               : 1
# Registers                                            : 32
 Flip-Flops                                            : 32
# Multiplexers                                         : 1
 32-bit 2-to-1 multiplexer                             : 1

=========================================================================

=========================================================================
*                         Low Level Synthesis                           *
=========================================================================

Optimizing unit <MDatos> ...

Mapping all equations...
Building and optimizing final netlist ...
Found area constraint ratio of 100 (+ 5) on block MDatos, actual ratio is 1.

Final Macro Processing ...

=========================================================================
Final Register Report

Macro Statistics
# Registers                                            : 32
 Flip-Flops                                            : 32

=========================================================================

=========================================================================
*                           Partition Report                            *
=========================================================================

Partition Implementation Status
-------------------------------

  No Partitions were found in this design.

-------------------------------

=========================================================================
*                            Design Summary                             *
=========================================================================

Top Level Output File Name         : MDatos.ngc

Primitive and Black Box Usage:
------------------------------
# BELS                             : 69
#      LUT2                        : 1
#      LUT3                        : 32
#      LUT5                        : 4
#      LUT6                        : 32
# FlipFlops/Latches                : 32
#      FDCE                        : 32
# RAMS                             : 128
#      RAM256X1S                   : 128
# Clock Buffers                    : 1
#      BUFGP                       : 1
# IO Buffers                       : 100
#      IBUF                        : 68
#      OBUF                        : 32

Device utilization summary:
---------------------------

Selected Device : 6slx16csg324-3 


Slice Logic Utilization: 
 Number of Slice Registers:              32  out of  18224     0%  
 Number of Slice LUTs:                  581  out of   9112     6%  
    Number used as Logic:                69  out of   9112     0%  
    Number used as Memory:              512  out of   2176    23%  
       Number used as RAM:              512

Slice Logic Distribution: 
 Number of LUT Flip Flop pairs used:    581
   Number with an unused Flip Flop:     549  out of    581    94%  
   Number with an unused LUT:             0  out of    581     0%  
   Number of fully used LUT-FF pairs:    32  out of    581     5%  
   Number of unique control sets:         1

IO Utilization: 
 Number of IOs:                         101
 Number of bonded IOBs:                 101  out of    232    43%  

Specific Feature Utilization:
 Number of BUFG/BUFGCTRLs:                1  out of     16     6%  

---------------------------
Partition Resource Summary:
---------------------------

  No Partitions were found in this design.

---------------------------


=========================================================================
Timing Report

NOTE: THESE TIMING NUMBERS ARE ONLY A SYNTHESIS ESTIMATE.
      FOR ACCURATE TIMING INFORMATION PLEASE REFER TO THE TRACE REPORT
      GENERATED AFTER PLACE-and-ROUTE.

Clock Information:
------------------
-----------------------------------+------------------------+-------+
Clock Signal                       | Clock buffer(FF name)  | Load  |
-----------------------------------+------------------------+-------+
Clock                              | BUFGP                  | 160   |
-----------------------------------+------------------------+-------+

Asynchronous Control Signals Information:
----------------------------------------
No asynchronous control signals found in this design

Timing Summary:
---------------
Speed Grade: -3

   Minimum period: No path found
   Minimum input arrival time before clock: 4.423ns
   Maximum output required time after clock: 4.382ns
   Maximum combinational path delay: 6.633ns

Timing Details:
---------------
All values displayed in nanoseconds (ns)

=========================================================================
Timing constraint: Default OFFSET IN BEFORE for Clock 'Clock'
  Total number of paths / destination ports: 1952 / 1376
-------------------------------------------------------------------------
Offset:              4.423ns (Levels of Logic = 2)
  Source:            Address<8> (PAD)
  Destination:       Mram_memory1 (RAM)
  Destination Clock: Clock rising

  Data Path: Address<8> to Mram_memory1
                                Gate     Net
    Cell:in->out      fanout   Delay   Delay  Logical Name (Net Name)
    ----------------------------------------  ------------
     IBUF:I->O            37   1.222   1.707  Address_8_IBUF (Address_8_IBUF)
     LUT5:I0->O           32   0.203   1.291  write_ctrl (write_ctrl)
     RAM256X1S:WE              0.000          Mram_memory1
    ----------------------------------------
    Total                      4.423ns (1.425ns logic, 2.998ns route)
                                       (32.2% logic, 67.8% route)

=========================================================================
Timing constraint: Default OFFSET OUT AFTER for Clock 'Clock'
  Total number of paths / destination ports: 32 / 32
-------------------------------------------------------------------------
Offset:              4.382ns (Levels of Logic = 2)
  Source:            read_data_31 (FF)
  Destination:       Salida_mux<31> (PAD)
  Source Clock:      Clock rising

  Data Path: read_data_31 to Salida_mux<31>
                                Gate     Net
    Cell:in->out      fanout   Delay   Delay  Logical Name (Net Name)
    ----------------------------------------  ------------
     FDCE:C->Q             1   0.447   0.580  read_data_31 (read_data_31)
     LUT3:I2->O            1   0.205   0.579  Mmux_Salida_mux251 (Salida_mux_31_OBUF)
     OBUF:I->O                 2.571          Salida_mux_31_OBUF (Salida_mux<31>)
    ----------------------------------------
    Total                      4.382ns (3.223ns logic, 1.159ns route)
                                       (73.6% logic, 26.4% route)

=========================================================================
Timing constraint: Default path analysis
  Total number of paths / destination ports: 64 / 32
-------------------------------------------------------------------------
Delay:               6.633ns (Levels of Logic = 3)
  Source:            Address<7> (PAD)
  Destination:       Salida_mux<7> (PAD)

  Data Path: Address<7> to Salida_mux<7>
                                Gate     Net
    Cell:in->out      fanout   Delay   Delay  Logical Name (Net Name)
    ----------------------------------------  ------------
     IBUF:I->O           129   1.222   2.058  Address_7_IBUF (Address_7_IBUF)
     LUT3:I1->O            1   0.203   0.579  Mmux_Salida_mux301 (Salida_mux_7_OBUF)
     OBUF:I->O                 2.571          Salida_mux_7_OBUF (Salida_mux<7>)
    ----------------------------------------
    Total                      6.633ns (3.996ns logic, 2.637ns route)
                                       (60.2% logic, 39.8% route)

=========================================================================

Cross Clock Domains Report:
--------------------------

=========================================================================


Total REAL time to Xst completion: 7.00 secs
Total CPU time to Xst completion: 6.71 secs
 
--> 

Total memory usage is 4487476 kilobytes

Number of errors   :    0 (   0 filtered)
Number of warnings :    0 (   0 filtered)
Number of infos    :    2 (   0 filtered)

