--------------------------------------------------------------------------------
Release 14.6 Trace  (nt64)
Copyright (c) 1995-2013 Xilinx, Inc.  All rights reserved.

C:\Xilinx\14.6\ISE_DS\ISE\bin\nt64\unwrapped\trce.exe -intstyle ise -v 3 -s 3
-n 3 -fastpaths -xml proyecto_final.twx proyecto_final.ncd -o
proyecto_final.twr proyecto_final.pcf -ucf ucf.ucf

Design file:              proyecto_final.ncd
Physical constraint file: proyecto_final.pcf
Device,package,speed:     xc7z020,clg484,C,-3 (PRELIMINARY 1.07 2013-06-08)
Report level:             verbose report

Environment Variable      Effect 
--------------------      ------ 
NONE                      No environment variables were set
--------------------------------------------------------------------------------

INFO:Timing:2698 - No timing constraints found, doing default enumeration.
INFO:Timing:3412 - To improve timing, see the Timing Closure User Guide (UG612).
INFO:Timing:2752 - To get complete path coverage, use the unconstrained paths 
   option. All paths that are not constrained will be reported in the 
   unconstrained paths section(s) of the report.
INFO:Timing:3339 - The clock-to-out numbers in this timing report are based on 
   a 50 Ohm transmission line loading model.  For the details of this model, 
   and for more information on accounting for different loading conditions, 
   please see the device datasheet.



Data Sheet report:
-----------------
All values displayed in nanoseconds (ns)

Setup/Hold to clock Clock
------------+------------+------------+------------+------------+------------------+--------+
            |Max Setup to|  Process   |Max Hold to |  Process   |                  | Clock  |
Source      | clk (edge) |   Corner   | clk (edge) |   Corner   |Internal Clock(s) | Phase  |
------------+------------+------------+------------+------------+------------------+--------+
Enable      |    1.450(R)|      FAST  |    0.727(R)|      SLOW  |Clock_BUFGP       |   0.000|
Reset       |    1.592(R)|      FAST  |    2.156(R)|      SLOW  |Clock_BUFGP       |   0.000|
------------+------------+------------+------------+------------+------------------+--------+

Clock Clock to Pad
------------+-----------------+------------+-----------------+------------+------------------+--------+
            |Max (slowest) clk|  Process   |Min (fastest) clk|  Process   |                  | Clock  |
Destination |  (edge) to PAD  |   Corner   |  (edge) to PAD  |   Corner   |Internal Clock(s) | Phase  |
------------+-----------------+------------+-----------------+------------+------------------+--------+
Salida<0>   |        15.469(R)|      SLOW  |         3.702(R)|      FAST  |Clock_BUFGP       |   0.000|
Salida<1>   |        15.756(R)|      SLOW  |         3.982(R)|      FAST  |Clock_BUFGP       |   0.000|
Salida<2>   |        15.618(R)|      SLOW  |         3.811(R)|      FAST  |Clock_BUFGP       |   0.000|
Salida<3>   |        15.766(R)|      SLOW  |         3.750(R)|      FAST  |Clock_BUFGP       |   0.000|
Salida<4>   |        15.500(R)|      SLOW  |         4.031(R)|      FAST  |Clock_BUFGP       |   0.000|
Salida<5>   |        15.903(R)|      SLOW  |         4.012(R)|      FAST  |Clock_BUFGP       |   0.000|
Salida<6>   |        16.331(R)|      SLOW  |         3.982(R)|      FAST  |Clock_BUFGP       |   0.000|
Salida<7>   |        16.836(R)|      SLOW  |         4.154(R)|      FAST  |Clock_BUFGP       |   0.000|
------------+-----------------+------------+-----------------+------------+------------------+--------+

Clock to Setup on destination clock Clock
---------------+---------+---------+---------+---------+
               | Src:Rise| Src:Fall| Src:Rise| Src:Fall|
Source Clock   |Dest:Rise|Dest:Rise|Dest:Fall|Dest:Fall|
---------------+---------+---------+---------+---------+
Clock          |    8.874|         |         |         |
---------------+---------+---------+---------+---------+


Analysis completed Wed Jul 10 10:23:21 2024 
--------------------------------------------------------------------------------

Trace Settings:
-------------------------
Trace Settings 

Peak Memory Usage: 5034 MB



