--------------------------------------------------------------------------------
Release 14.6 Trace  (nt64)
Copyright (c) 1995-2013 Xilinx, Inc.  All rights reserved.

C:\Xilinx\14.6\ISE_DS\ISE\bin\nt64\unwrapped\trce.exe -intstyle ise -v 3 -s 3
-n 3 -fastpaths -xml ALU_V1.twx ALU_V1.ncd -o ALU_V1.twr ALU_V1.pcf

Design file:              ALU_V1.ncd
Physical constraint file: ALU_V1.pcf
Device,package,speed:     xc6slx16,csg324,C,-3 (PRODUCTION 1.23 2013-06-08)
Report level:             verbose report

Environment Variable      Effect 
--------------------      ------ 
NONE                      No environment variables were set
--------------------------------------------------------------------------------

INFO:Timing:2698 - No timing constraints found, doing default enumeration.
INFO:Timing:3412 - To improve timing, see the Timing Closure User Guide (UG612).
INFO:Timing:2752 - To get complete path coverage, use the unconstrained paths 
   option. All paths that are not constrained will be reported in the 
   unconstrained paths section(s) of the report.
INFO:Timing:3339 - The clock-to-out numbers in this timing report are based on 
   a 50 Ohm transmission line loading model.  For the details of this model, 
   and for more information on accounting for different loading conditions, 
   please see the device datasheet.



Data Sheet report:
-----------------
All values displayed in nanoseconds (ns)

Pad to Pad
---------------+---------------+---------+
Source Pad     |Destination Pad|  Delay  |
---------------+---------------+---------+
a<0>           |y<0>           |   14.270|
a<0>           |y<1>           |   15.757|
a<0>           |y<2>           |   15.457|
a<0>           |y<3>           |   14.964|
a<0>           |y<4>           |   13.581|
a<0>           |y<5>           |   14.284|
a<0>           |y<6>           |   15.210|
a<0>           |y<7>           |   13.155|
a<0>           |y<8>           |   13.865|
a<0>           |y<9>           |   13.458|
a<0>           |y<10>          |   13.925|
a<0>           |y<11>          |   12.859|
a<0>           |y<12>          |   14.207|
a<0>           |y<13>          |   13.531|
a<0>           |y<14>          |   15.236|
a<0>           |y<15>          |   12.964|
a<0>           |y<16>          |   12.901|
a<0>           |y<17>          |   13.592|
a<0>           |y<18>          |   13.915|
a<0>           |y<19>          |   12.864|
a<0>           |y<20>          |   14.947|
a<0>           |y<21>          |   15.795|
a<0>           |y<22>          |   14.009|
a<0>           |y<23>          |   14.972|
a<0>           |y<24>          |   13.780|
a<0>           |y<25>          |   14.025|
a<0>           |y<26>          |   13.661|
a<0>           |y<27>          |   13.476|
a<0>           |y<28>          |   14.917|
a<0>           |y<29>          |   14.109|
a<0>           |y<30>          |   14.824|
a<0>           |y<31>          |   13.344|
a<0>           |zero           |   11.460|
a<1>           |y<0>           |   14.353|
a<1>           |y<1>           |   15.680|
a<1>           |y<2>           |   15.380|
a<1>           |y<3>           |   15.636|
a<1>           |y<4>           |   13.970|
a<1>           |y<5>           |   14.207|
a<1>           |y<6>           |   15.133|
a<1>           |y<7>           |   13.544|
a<1>           |y<8>           |   13.580|
a<1>           |y<9>           |   13.847|
a<1>           |y<10>          |   14.027|
a<1>           |y<11>          |   13.248|
a<1>           |y<12>          |   14.596|
a<1>           |y<13>          |   13.736|
a<1>           |y<14>          |   15.159|
a<1>           |y<15>          |   13.636|
a<1>           |y<16>          |   13.420|
a<1>           |y<17>          |   13.515|
a<1>           |y<18>          |   13.838|
a<1>           |y<19>          |   13.253|
a<1>           |y<20>          |   15.336|
a<1>           |y<21>          |   16.184|
a<1>           |y<22>          |   14.398|
a<1>           |y<23>          |   15.361|
a<1>           |y<24>          |   14.169|
a<1>           |y<25>          |   14.414|
a<1>           |y<26>          |   14.050|
a<1>           |y<27>          |   13.954|
a<1>           |y<28>          |   15.278|
a<1>           |y<29>          |   14.498|
a<1>           |y<30>          |   14.747|
a<1>           |y<31>          |   13.733|
a<1>           |zero           |   12.482|
a<2>           |y<0>           |   15.293|
a<2>           |y<1>           |   16.227|
a<2>           |y<2>           |   16.586|
a<2>           |y<3>           |   15.939|
a<2>           |y<4>           |   15.558|
a<2>           |y<5>           |   15.881|
a<2>           |y<6>           |   16.339|
a<2>           |y<7>           |   13.795|
a<2>           |y<8>           |   15.346|
a<2>           |y<9>           |   14.668|
a<2>           |y<10>          |   15.054|
a<2>           |y<11>          |   13.128|
a<2>           |y<12>          |   16.168|
a<2>           |y<13>          |   15.860|
a<2>           |y<14>          |   16.365|
a<2>           |y<15>          |   13.939|
a<2>           |y<16>          |   15.186|
a<2>           |y<17>          |   15.642|
a<2>           |y<18>          |   15.044|
a<2>           |y<19>          |   13.012|
a<2>           |y<20>          |   14.967|
a<2>           |y<21>          |   15.815|
a<2>           |y<22>          |   14.421|
a<2>           |y<23>          |   14.992|
a<2>           |y<24>          |   14.584|
a<2>           |y<25>          |   15.677|
a<2>           |y<26>          |   14.715|
a<2>           |y<27>          |   14.257|
a<2>           |y<28>          |   17.044|
a<2>           |y<29>          |   15.876|
a<2>           |y<30>          |   15.953|
a<2>           |y<31>          |   13.960|
a<2>           |zero           |   12.289|
a<3>           |y<0>           |   16.100|
a<3>           |y<1>           |   16.018|
a<3>           |y<2>           |   15.996|
a<3>           |y<3>           |   16.754|
a<3>           |y<4>           |   15.137|
a<3>           |y<5>           |   15.641|
a<3>           |y<6>           |   15.589|
a<3>           |y<7>           |   14.610|
a<3>           |y<8>           |   14.925|
a<3>           |y<9>           |   14.428|
a<3>           |y<10>          |   15.061|
a<3>           |y<11>          |   13.943|
a<3>           |y<12>          |   15.747|
a<3>           |y<13>          |   15.620|
a<3>           |y<14>          |   16.416|
a<3>           |y<15>          |   14.754|
a<3>           |y<16>          |   14.765|
a<3>           |y<17>          |   15.402|
a<3>           |y<18>          |   15.265|
a<3>           |y<19>          |   13.827|
a<3>           |y<20>          |   14.615|
a<3>           |y<21>          |   15.463|
a<3>           |y<22>          |   14.472|
a<3>           |y<23>          |   14.640|
a<3>           |y<24>          |   14.163|
a<3>           |y<25>          |   15.437|
a<3>           |y<26>          |   14.766|
a<3>           |y<27>          |   15.072|
a<3>           |y<28>          |   16.623|
a<3>           |y<29>          |   15.636|
a<3>           |y<30>          |   16.004|
a<3>           |y<31>          |   14.775|
a<3>           |zero           |   11.989|
a<4>           |y<0>           |   14.961|
a<4>           |y<1>           |   15.628|
a<4>           |y<2>           |   15.760|
a<4>           |y<3>           |   14.850|
a<4>           |y<4>           |   14.840|
a<4>           |y<5>           |   14.617|
a<4>           |y<6>           |   14.510|
a<4>           |y<7>           |   13.338|
a<4>           |y<8>           |   14.628|
a<4>           |y<9>           |   13.404|
a<4>           |y<10>          |   13.982|
a<4>           |y<11>          |   12.452|
a<4>           |y<12>          |   15.450|
a<4>           |y<13>          |   14.596|
a<4>           |y<14>          |   15.337|
a<4>           |y<15>          |   13.517|
a<4>           |y<16>          |   14.468|
a<4>           |y<17>          |   14.378|
a<4>           |y<18>          |   14.186|
a<4>           |y<19>          |   13.209|
a<4>           |y<20>          |   14.540|
a<4>           |y<21>          |   15.388|
a<4>           |y<22>          |   13.602|
a<4>           |y<23>          |   14.565|
a<4>           |y<24>          |   13.866|
a<4>           |y<25>          |   14.413|
a<4>           |y<26>          |   13.687|
a<4>           |y<27>          |   13.835|
a<4>           |y<28>          |   16.326|
a<4>           |y<29>          |   14.612|
a<4>           |y<30>          |   14.925|
a<4>           |y<31>          |   13.538|
a<4>           |zero           |   11.750|
a<5>           |y<0>           |   16.837|
a<5>           |y<1>           |   16.491|
a<5>           |y<2>           |   16.411|
a<5>           |y<3>           |   16.548|
a<5>           |y<4>           |   16.213|
a<5>           |y<5>           |   15.631|
a<5>           |y<6>           |   15.770|
a<5>           |y<7>           |   14.189|
a<5>           |y<8>           |   15.163|
a<5>           |y<9>           |   14.418|
a<5>           |y<10>          |   15.242|
a<5>           |y<11>          |   13.205|
a<5>           |y<12>          |   15.614|
a<5>           |y<13>          |   15.610|
a<5>           |y<14>          |   16.597|
a<5>           |y<15>          |   14.368|
a<5>           |y<16>          |   15.034|
a<5>           |y<17>          |   15.392|
a<5>           |y<18>          |   15.446|
a<5>           |y<19>          |   14.060|
a<5>           |y<20>          |   15.235|
a<5>           |y<21>          |   15.408|
a<5>           |y<22>          |   14.653|
a<5>           |y<23>          |   14.585|
a<5>           |y<24>          |   14.401|
a<5>           |y<25>          |   15.427|
a<5>           |y<26>          |   14.947|
a<5>           |y<27>          |   14.686|
a<5>           |y<28>          |   16.043|
a<5>           |y<29>          |   15.626|
a<5>           |y<30>          |   16.185|
a<5>           |y<31>          |   14.389|
a<5>           |zero           |   12.402|
a<6>           |y<0>           |   14.260|
a<6>           |y<1>           |   14.668|
a<6>           |y<2>           |   13.283|
a<6>           |y<3>           |   14.149|
a<6>           |y<4>           |   13.636|
a<6>           |y<5>           |   13.799|
a<6>           |y<6>           |   13.971|
a<6>           |y<7>           |   12.298|
a<6>           |y<8>           |   13.096|
a<6>           |y<9>           |   12.652|
a<6>           |y<10>          |   13.273|
a<6>           |y<11>          |   12.053|
a<6>           |y<12>          |   13.547|
a<6>           |y<13>          |   12.400|
a<6>           |y<14>          |   14.628|
a<6>           |y<15>          |   12.477|
a<6>           |y<16>          |   12.967|
a<6>           |y<17>          |   13.904|
a<6>           |y<18>          |   13.477|
a<6>           |y<19>          |   12.169|
a<6>           |y<20>          |   14.141|
a<6>           |y<21>          |   14.989|
a<6>           |y<22>          |   13.203|
a<6>           |y<23>          |   14.166|
a<6>           |y<24>          |   12.974|
a<6>           |y<25>          |   13.579|
a<6>           |y<26>          |   12.978|
a<6>           |y<27>          |   12.795|
a<6>           |y<28>          |   13.976|
a<6>           |y<29>          |   13.303|
a<6>           |y<30>          |   14.216|
a<6>           |y<31>          |   12.538|
a<6>           |zero           |   11.525|
a<7>           |y<0>           |   16.415|
a<7>           |y<1>           |   16.069|
a<7>           |y<2>           |   13.802|
a<7>           |y<3>           |   14.986|
a<7>           |y<4>           |   15.791|
a<7>           |y<5>           |   15.200|
a<7>           |y<6>           |   14.490|
a<7>           |y<7>           |   13.492|
a<7>           |y<8>           |   13.971|
a<7>           |y<9>           |   14.058|
a<7>           |y<10>          |   14.790|
a<7>           |y<11>          |   12.508|
a<7>           |y<12>          |   14.422|
a<7>           |y<13>          |   14.155|
a<7>           |y<14>          |   14.751|
a<7>           |y<15>          |   13.671|
a<7>           |y<16>          |   13.842|
a<7>           |y<17>          |   15.659|
a<7>           |y<18>          |   15.120|
a<7>           |y<19>          |   13.363|
a<7>           |y<20>          |   14.043|
a<7>           |y<21>          |   14.737|
a<7>           |y<22>          |   13.749|
a<7>           |y<23>          |   13.914|
a<7>           |y<24>          |   13.209|
a<7>           |y<25>          |   15.334|
a<7>           |y<26>          |   14.389|
a<7>           |y<27>          |   13.989|
a<7>           |y<28>          |   14.851|
a<7>           |y<29>          |   14.804|
a<7>           |y<30>          |   14.594|
a<7>           |y<31>          |   13.692|
a<7>           |zero           |   11.403|
a<8>           |y<0>           |   14.651|
a<8>           |y<1>           |   16.095|
a<8>           |y<2>           |   14.114|
a<8>           |y<3>           |   14.964|
a<8>           |y<4>           |   15.031|
a<8>           |y<5>           |   15.226|
a<8>           |y<6>           |   14.802|
a<8>           |y<7>           |   13.126|
a<8>           |y<8>           |   14.838|
a<8>           |y<9>           |   13.861|
a<8>           |y<10>          |   14.395|
a<8>           |y<11>          |   13.493|
a<8>           |y<12>          |   14.948|
a<8>           |y<13>          |   13.958|
a<8>           |y<14>          |   14.356|
a<8>           |y<15>          |   13.868|
a<8>           |y<16>          |   14.368|
a<8>           |y<17>          |   15.462|
a<8>           |y<18>          |   14.725|
a<8>           |y<19>          |   14.011|
a<8>           |y<20>          |   14.569|
a<8>           |y<21>          |   15.232|
a<8>           |y<22>          |   13.446|
a<8>           |y<23>          |   14.409|
a<8>           |y<24>          |   13.735|
a<8>           |y<25>          |   15.137|
a<8>           |y<26>          |   13.994|
a<8>           |y<27>          |   14.637|
a<8>           |y<28>          |   15.377|
a<8>           |y<29>          |   14.607|
a<8>           |y<30>          |   14.199|
a<8>           |y<31>          |   13.457|
a<8>           |zero           |   11.701|
a<9>           |y<0>           |   13.379|
a<9>           |y<1>           |   14.047|
a<9>           |y<2>           |   13.462|
a<9>           |y<3>           |   14.760|
a<9>           |y<4>           |   13.759|
a<9>           |y<5>           |   13.040|
a<9>           |y<6>           |   14.150|
a<9>           |y<7>           |   12.922|
a<9>           |y<8>           |   13.566|
a<9>           |y<9>           |   13.552|
a<9>           |y<10>          |   12.870|
a<9>           |y<11>          |   11.998|
a<9>           |y<12>          |   13.551|
a<9>           |y<13>          |   12.251|
a<9>           |y<14>          |   13.306|
a<9>           |y<15>          |   12.373|
a<9>           |y<16>          |   12.852|
a<9>           |y<17>          |   13.755|
a<9>           |y<18>          |   13.200|
a<9>           |y<19>          |   12.516|
a<9>           |y<20>          |   13.999|
a<9>           |y<21>          |   14.847|
a<9>           |y<22>          |   13.061|
a<9>           |y<23>          |   14.024|
a<9>           |y<24>          |   12.832|
a<9>           |y<25>          |   13.430|
a<9>           |y<26>          |   12.713|
a<9>           |y<27>          |   13.142|
a<9>           |y<28>          |   13.904|
a<9>           |y<29>          |   13.161|
a<9>           |y<30>          |   12.674|
a<9>           |y<31>          |   12.396|
a<9>           |zero           |   11.071|
a<10>          |y<0>           |   14.188|
a<10>          |y<1>           |   15.154|
a<10>          |y<2>           |   15.499|
a<10>          |y<3>           |   14.686|
a<10>          |y<4>           |   14.568|
a<10>          |y<5>           |   14.147|
a<10>          |y<6>           |   15.291|
a<10>          |y<7>           |   12.848|
a<10>          |y<8>           |   14.375|
a<10>          |y<9>           |   14.659|
a<10>          |y<10>          |   14.184|
a<10>          |y<11>          |   12.607|
a<10>          |y<12>          |   14.176|
a<10>          |y<13>          |   13.276|
a<10>          |y<14>          |   13.789|
a<10>          |y<15>          |   12.982|
a<10>          |y<16>          |   13.477|
a<10>          |y<17>          |   14.422|
a<10>          |y<18>          |   14.158|
a<10>          |y<19>          |   13.125|
a<10>          |y<20>          |   13.878|
a<10>          |y<21>          |   14.726|
a<10>          |y<22>          |   12.940|
a<10>          |y<23>          |   13.903|
a<10>          |y<24>          |   13.072|
a<10>          |y<25>          |   14.030|
a<10>          |y<26>          |   13.427|
a<10>          |y<27>          |   13.751|
a<10>          |y<28>          |   14.529|
a<10>          |y<29>          |   13.768|
a<10>          |y<30>          |   13.632|
a<10>          |y<31>          |   12.571|
a<10>          |zero           |   11.777|
a<11>          |y<0>           |   14.038|
a<11>          |y<1>           |   14.043|
a<11>          |y<2>           |   14.575|
a<11>          |y<3>           |   14.247|
a<11>          |y<4>           |   14.418|
a<11>          |y<5>           |   13.036|
a<11>          |y<6>           |   14.367|
a<11>          |y<7>           |   13.242|
a<11>          |y<8>           |   14.225|
a<11>          |y<9>           |   13.548|
a<11>          |y<10>          |   13.260|
a<11>          |y<11>          |   12.965|
a<11>          |y<12>          |   13.864|
a<11>          |y<13>          |   12.884|
a<11>          |y<14>          |   14.149|
a<11>          |y<15>          |   12.960|
a<11>          |y<16>          |   13.165|
a<11>          |y<17>          |   14.030|
a<11>          |y<18>          |   14.264|
a<11>          |y<19>          |   13.103|
a<11>          |y<20>          |   13.715|
a<11>          |y<21>          |   14.563|
a<11>          |y<22>          |   12.964|
a<11>          |y<23>          |   13.740|
a<11>          |y<24>          |   12.760|
a<11>          |y<25>          |   13.638|
a<11>          |y<26>          |   13.295|
a<11>          |y<27>          |   13.729|
a<11>          |y<28>          |   14.217|
a<11>          |y<29>          |   13.376|
a<11>          |y<30>          |   13.760|
a<11>          |y<31>          |   12.549|
a<11>          |zero           |   11.419|
a<12>          |y<0>           |   14.608|
a<12>          |y<1>           |   14.520|
a<12>          |y<2>           |   14.567|
a<12>          |y<3>           |   13.853|
a<12>          |y<4>           |   13.984|
a<12>          |y<5>           |   13.513|
a<12>          |y<6>           |   14.359|
a<12>          |y<7>           |   12.848|
a<12>          |y<8>           |   14.278|
a<12>          |y<9>           |   14.025|
a<12>          |y<10>          |   13.252|
a<12>          |y<11>          |   12.571|
a<12>          |y<12>          |   14.065|
a<12>          |y<13>          |   12.891|
a<12>          |y<14>          |   14.387|
a<12>          |y<15>          |   13.511|
a<12>          |y<16>          |   12.673|
a<12>          |y<17>          |   14.037|
a<12>          |y<18>          |   14.502|
a<12>          |y<19>          |   14.017|
a<12>          |y<20>          |   13.573|
a<12>          |y<21>          |   14.421|
a<12>          |y<22>          |   13.202|
a<12>          |y<23>          |   13.598|
a<12>          |y<24>          |   12.406|
a<12>          |y<25>          |   13.645|
a<12>          |y<26>          |   13.533|
a<12>          |y<27>          |   14.589|
a<12>          |y<28>          |   13.725|
a<12>          |y<29>          |   13.383|
a<12>          |y<30>          |   13.998|
a<12>          |y<31>          |   13.164|
a<12>          |zero           |   11.383|
a<13>          |y<0>           |   14.300|
a<13>          |y<1>           |   14.014|
a<13>          |y<2>           |   14.321|
a<13>          |y<3>           |   13.734|
a<13>          |y<4>           |   13.676|
a<13>          |y<5>           |   13.145|
a<13>          |y<6>           |   14.113|
a<13>          |y<7>           |   12.729|
a<13>          |y<8>           |   13.970|
a<13>          |y<9>           |   13.677|
a<13>          |y<10>          |   13.006|
a<13>          |y<11>          |   12.452|
a<13>          |y<12>          |   13.757|
a<13>          |y<13>          |   13.030|
a<13>          |y<14>          |   13.617|
a<13>          |y<15>          |   13.058|
a<13>          |y<16>          |   12.983|
a<13>          |y<17>          |   13.980|
a<13>          |y<18>          |   13.732|
a<13>          |y<19>          |   13.564|
a<13>          |y<20>          |   13.859|
a<13>          |y<21>          |   14.707|
a<13>          |y<22>          |   12.921|
a<13>          |y<23>          |   13.884|
a<13>          |y<24>          |   13.115|
a<13>          |y<25>          |   13.588|
a<13>          |y<26>          |   12.763|
a<13>          |y<27>          |   14.136|
a<13>          |y<28>          |   13.656|
a<13>          |y<29>          |   13.326|
a<13>          |y<30>          |   13.228|
a<13>          |y<31>          |   12.711|
a<13>          |zero           |   10.933|
a<14>          |y<0>           |   15.158|
a<14>          |y<1>           |   14.367|
a<14>          |y<2>           |   13.954|
a<14>          |y<3>           |   14.473|
a<14>          |y<4>           |   14.534|
a<14>          |y<5>           |   13.498|
a<14>          |y<6>           |   14.642|
a<14>          |y<7>           |   13.468|
a<14>          |y<8>           |   14.828|
a<14>          |y<9>           |   14.030|
a<14>          |y<10>          |   14.005|
a<14>          |y<11>          |   13.191|
a<14>          |y<12>          |   14.615|
a<14>          |y<13>          |   13.383|
a<14>          |y<14>          |   13.826|
a<14>          |y<15>          |   12.840|
a<14>          |y<16>          |   12.980|
a<14>          |y<17>          |   13.824|
a<14>          |y<18>          |   13.933|
a<14>          |y<19>          |   13.346|
a<14>          |y<20>          |   13.452|
a<14>          |y<21>          |   14.300|
a<14>          |y<22>          |   12.633|
a<14>          |y<23>          |   13.477|
a<14>          |y<24>          |   13.112|
a<14>          |y<25>          |   13.428|
a<14>          |y<26>          |   12.964|
a<14>          |y<27>          |   13.918|
a<14>          |y<28>          |   13.653|
a<14>          |y<29>          |   13.238|
a<14>          |y<30>          |   13.429|
a<14>          |y<31>          |   12.493|
a<14>          |zero           |   11.021|
a<15>          |y<0>           |   14.266|
a<15>          |y<1>           |   13.843|
a<15>          |y<2>           |   13.138|
a<15>          |y<3>           |   14.004|
a<15>          |y<4>           |   13.642|
a<15>          |y<5>           |   12.974|
a<15>          |y<6>           |   13.826|
a<15>          |y<7>           |   12.166|
a<15>          |y<8>           |   13.936|
a<15>          |y<9>           |   13.506|
a<15>          |y<10>          |   13.713|
a<15>          |y<11>          |   12.262|
a<15>          |y<12>          |   13.723|
a<15>          |y<13>          |   12.859|
a<15>          |y<14>          |   13.534|
a<15>          |y<15>          |   12.965|
a<15>          |y<16>          |   12.469|
a<15>          |y<17>          |   13.536|
a<15>          |y<18>          |   13.460|
a<15>          |y<19>          |   13.471|
a<15>          |y<20>          |   13.272|
a<15>          |y<21>          |   14.120|
a<15>          |y<22>          |   12.334|
a<15>          |y<23>          |   13.297|
a<15>          |y<24>          |   12.601|
a<15>          |y<25>          |   13.140|
a<15>          |y<26>          |   12.183|
a<15>          |y<27>          |   14.043|
a<15>          |y<28>          |   13.142|
a<15>          |y<29>          |   12.950|
a<15>          |y<30>          |   13.028|
a<15>          |y<31>          |   12.618|
a<15>          |zero           |   11.138|
a<16>          |y<0>           |   14.540|
a<16>          |y<1>           |   14.621|
a<16>          |y<2>           |   14.224|
a<16>          |y<3>           |   15.245|
a<16>          |y<4>           |   14.588|
a<16>          |y<5>           |   13.752|
a<16>          |y<6>           |   14.912|
a<16>          |y<7>           |   13.407|
a<16>          |y<8>           |   14.395|
a<16>          |y<9>           |   14.284|
a<16>          |y<10>          |   14.613|
a<16>          |y<11>          |   13.503|
a<16>          |y<12>          |   14.555|
a<16>          |y<13>          |   13.637|
a<16>          |y<14>          |   14.434|
a<16>          |y<15>          |   13.147|
a<16>          |y<16>          |   14.144|
a<16>          |y<17>          |   14.708|
a<16>          |y<18>          |   14.845|
a<16>          |y<19>          |   14.161|
a<16>          |y<20>          |   13.864|
a<16>          |y<21>          |   14.712|
a<16>          |y<22>          |   13.421|
a<16>          |y<23>          |   13.932|
a<16>          |y<24>          |   14.276|
a<16>          |y<25>          |   14.312|
a<16>          |y<26>          |   13.568|
a<16>          |y<27>          |   14.044|
a<16>          |y<28>          |   14.817|
a<16>          |y<29>          |   14.122|
a<16>          |y<30>          |   14.413|
a<16>          |y<31>          |   13.826|
a<16>          |zero           |   11.188|
a<17>          |y<0>           |   13.400|
a<17>          |y<1>           |   13.818|
a<17>          |y<2>           |   13.079|
a<17>          |y<3>           |   14.114|
a<17>          |y<4>           |   13.448|
a<17>          |y<5>           |   12.587|
a<17>          |y<6>           |   13.767|
a<17>          |y<7>           |   12.276|
a<17>          |y<8>           |   13.255|
a<17>          |y<9>           |   13.099|
a<17>          |y<10>          |   13.557|
a<17>          |y<11>          |   12.372|
a<17>          |y<12>          |   13.415|
a<17>          |y<13>          |   12.149|
a<17>          |y<14>          |   13.378|
a<17>          |y<15>          |   12.016|
a<17>          |y<16>          |   12.665|
a<17>          |y<17>          |   13.675|
a<17>          |y<18>          |   13.589|
a<17>          |y<19>          |   13.062|
a<17>          |y<20>          |   13.339|
a<17>          |y<21>          |   14.187|
a<17>          |y<22>          |   12.401|
a<17>          |y<23>          |   13.364|
a<17>          |y<24>          |   12.541|
a<17>          |y<25>          |   13.279|
a<17>          |y<26>          |   12.312|
a<17>          |y<27>          |   12.945|
a<17>          |y<28>          |   14.431|
a<17>          |y<29>          |   13.089|
a<17>          |y<30>          |   13.157|
a<17>          |y<31>          |   12.727|
a<17>          |zero           |   11.014|
a<18>          |y<0>           |   13.723|
a<18>          |y<1>           |   14.456|
a<18>          |y<2>           |   13.738|
a<18>          |y<3>           |   14.419|
a<18>          |y<4>           |   13.771|
a<18>          |y<5>           |   13.225|
a<18>          |y<6>           |   14.589|
a<18>          |y<7>           |   12.581|
a<18>          |y<8>           |   13.578|
a<18>          |y<9>           |   13.737|
a<18>          |y<10>          |   13.482|
a<18>          |y<11>          |   12.677|
a<18>          |y<12>          |   13.738|
a<18>          |y<13>          |   12.787|
a<18>          |y<14>          |   14.136|
a<18>          |y<15>          |   12.321|
a<18>          |y<16>          |   12.988|
a<18>          |y<17>          |   12.056|
a<18>          |y<18>          |   14.053|
a<18>          |y<19>          |   13.573|
a<18>          |y<20>          |   13.093|
a<18>          |y<21>          |   13.941|
a<18>          |y<22>          |   12.629|
a<18>          |y<23>          |   13.344|
a<18>          |y<24>          |   12.552|
a<18>          |y<25>          |   13.780|
a<18>          |y<26>          |   12.776|
a<18>          |y<27>          |   13.456|
a<18>          |y<28>          |   14.442|
a<18>          |y<29>          |   13.738|
a<18>          |y<30>          |   13.621|
a<18>          |y<31>          |   13.238|
a<18>          |zero           |   10.804|
a<19>          |y<0>           |   13.546|
a<19>          |y<1>           |   13.904|
a<19>          |y<2>           |   13.588|
a<19>          |y<3>           |   14.963|
a<19>          |y<4>           |   13.594|
a<19>          |y<5>           |   12.673|
a<19>          |y<6>           |   14.439|
a<19>          |y<7>           |   12.985|
a<19>          |y<8>           |   13.401|
a<19>          |y<9>           |   13.185|
a<19>          |y<10>          |   13.332|
a<19>          |y<11>          |   12.708|
a<19>          |y<12>          |   13.561|
a<19>          |y<13>          |   12.235|
a<19>          |y<14>          |   13.986|
a<19>          |y<15>          |   12.076|
a<19>          |y<16>          |   12.811|
a<19>          |y<17>          |   11.504|
a<19>          |y<18>          |   13.252|
a<19>          |y<19>          |   13.594|
a<19>          |y<20>          |   13.023|
a<19>          |y<21>          |   13.871|
a<19>          |y<22>          |   13.061|
a<19>          |y<23>          |   13.048|
a<19>          |y<24>          |   12.509|
a<19>          |y<25>          |   14.140|
a<19>          |y<26>          |   13.414|
a<19>          |y<27>          |   12.997|
a<19>          |y<28>          |   14.399|
a<19>          |y<29>          |   14.098|
a<19>          |y<30>          |   13.903|
a<19>          |y<31>          |   12.779|
a<19>          |zero           |   11.053|
a<20>          |y<0>           |   14.179|
a<20>          |y<1>           |   14.851|
a<20>          |y<2>           |   13.812|
a<20>          |y<3>           |   15.326|
a<20>          |y<4>           |   13.310|
a<20>          |y<5>           |   13.620|
a<20>          |y<6>           |   14.663|
a<20>          |y<7>           |   13.348|
a<20>          |y<8>           |   14.466|
a<20>          |y<9>           |   14.132|
a<20>          |y<10>          |   13.556|
a<20>          |y<11>          |   13.071|
a<20>          |y<12>          |   14.253|
a<20>          |y<13>          |   13.182|
a<20>          |y<14>          |   14.210|
a<20>          |y<15>          |   12.439|
a<20>          |y<16>          |   13.444|
a<20>          |y<17>          |   12.451|
a<20>          |y<18>          |   13.476|
a<20>          |y<19>          |   13.957|
a<20>          |y<20>          |   15.005|
a<20>          |y<21>          |   13.870|
a<20>          |y<22>          |   13.176|
a<20>          |y<23>          |   13.442|
a<20>          |y<24>          |   12.857|
a<20>          |y<25>          |   14.096|
a<20>          |y<26>          |   13.529|
a<20>          |y<27>          |   14.515|
a<20>          |y<28>          |   14.747|
a<20>          |y<29>          |   14.054|
a<20>          |y<30>          |   14.018|
a<20>          |y<31>          |   13.354|
a<20>          |zero           |   10.742|
a<21>          |y<0>           |   13.236|
a<21>          |y<1>           |   14.483|
a<21>          |y<2>           |   13.062|
a<21>          |y<3>           |   14.486|
a<21>          |y<4>           |   12.367|
a<21>          |y<5>           |   13.087|
a<21>          |y<6>           |   13.913|
a<21>          |y<7>           |   12.508|
a<21>          |y<8>           |   13.523|
a<21>          |y<9>           |   13.150|
a<21>          |y<10>          |   12.806|
a<21>          |y<11>          |   12.231|
a<21>          |y<12>          |   13.310|
a<21>          |y<13>          |   12.503|
a<21>          |y<14>          |   13.460|
a<21>          |y<15>          |   11.599|
a<21>          |y<16>          |   12.501|
a<21>          |y<17>          |   12.083|
a<21>          |y<18>          |   12.726|
a<21>          |y<19>          |   13.117|
a<21>          |y<20>          |   14.062|
a<21>          |y<21>          |   14.524|
a<21>          |y<22>          |   13.174|
a<21>          |y<23>          |   13.341|
a<21>          |y<24>          |   14.185|
a<21>          |y<25>          |   14.060|
a<21>          |y<26>          |   13.527|
a<21>          |y<27>          |   13.766|
a<21>          |y<28>          |   14.726|
a<21>          |y<29>          |   14.018|
a<21>          |y<30>          |   14.016|
a<21>          |y<31>          |   12.605|
a<21>          |zero           |   10.578|
a<22>          |y<0>           |   13.839|
a<22>          |y<1>           |   14.658|
a<22>          |y<2>           |   14.060|
a<22>          |y<3>           |   14.702|
a<22>          |y<4>           |   12.970|
a<22>          |y<5>           |   13.262|
a<22>          |y<6>           |   15.255|
a<22>          |y<7>           |   12.724|
a<22>          |y<8>           |   14.126|
a<22>          |y<9>           |   13.325|
a<22>          |y<10>          |   14.091|
a<22>          |y<11>          |   12.447|
a<22>          |y<12>          |   13.913|
a<22>          |y<13>          |   12.678|
a<22>          |y<14>          |   13.912|
a<22>          |y<15>          |   11.815|
a<22>          |y<16>          |   13.104|
a<22>          |y<17>          |   12.258|
a<22>          |y<18>          |   13.724|
a<22>          |y<19>          |   13.333|
a<22>          |y<20>          |   14.665|
a<22>          |y<21>          |   14.699|
a<22>          |y<22>          |   14.566|
a<22>          |y<23>          |   13.098|
a<22>          |y<24>          |   14.461|
a<22>          |y<25>          |   14.239|
a<22>          |y<26>          |   13.728|
a<22>          |y<27>          |   14.171|
a<22>          |y<28>          |   15.002|
a<22>          |y<29>          |   14.049|
a<22>          |y<30>          |   14.217|
a<22>          |y<31>          |   13.010|
a<22>          |zero           |   10.716|
a<23>          |y<0>           |   14.534|
a<23>          |y<1>           |   15.476|
a<23>          |y<2>           |   14.593|
a<23>          |y<3>           |   14.919|
a<23>          |y<4>           |   13.665|
a<23>          |y<5>           |   14.080|
a<23>          |y<6>           |   15.788|
a<23>          |y<7>           |   13.049|
a<23>          |y<8>           |   14.821|
a<23>          |y<9>           |   14.143|
a<23>          |y<10>          |   14.624|
a<23>          |y<11>          |   13.044|
a<23>          |y<12>          |   14.608|
a<23>          |y<13>          |   13.496|
a<23>          |y<14>          |   14.445|
a<23>          |y<15>          |   12.688|
a<23>          |y<16>          |   13.799|
a<23>          |y<17>          |   13.076|
a<23>          |y<18>          |   14.257|
a<23>          |y<19>          |   13.550|
a<23>          |y<20>          |   15.360|
a<23>          |y<21>          |   15.517|
a<23>          |y<22>          |   15.099|
a<23>          |y<23>          |   14.490|
a<23>          |y<24>          |   14.798|
a<23>          |y<25>          |   14.778|
a<23>          |y<26>          |   13.681|
a<23>          |y<27>          |   14.729|
a<23>          |y<28>          |   15.339|
a<23>          |y<29>          |   14.588|
a<23>          |y<30>          |   14.526|
a<23>          |y<31>          |   13.568|
a<23>          |zero           |   11.140|
a<24>          |y<0>           |   14.003|
a<24>          |y<1>           |   15.152|
a<24>          |y<2>           |   14.654|
a<24>          |y<3>           |   15.219|
a<24>          |y<4>           |   13.544|
a<24>          |y<5>           |   13.756|
a<24>          |y<6>           |   15.849|
a<24>          |y<7>           |   13.349|
a<24>          |y<8>           |   14.111|
a<24>          |y<9>           |   13.819|
a<24>          |y<10>          |   14.685|
a<24>          |y<11>          |   13.344|
a<24>          |y<12>          |   14.790|
a<24>          |y<13>          |   13.172|
a<24>          |y<14>          |   14.506|
a<24>          |y<15>          |   12.988|
a<24>          |y<16>          |   13.268|
a<24>          |y<17>          |   12.752|
a<24>          |y<18>          |   14.318|
a<24>          |y<19>          |   13.850|
a<24>          |y<20>          |   15.239|
a<24>          |y<21>          |   15.193|
a<24>          |y<22>          |   15.160|
a<24>          |y<23>          |   14.790|
a<24>          |y<24>          |   15.585|
a<24>          |y<25>          |   14.903|
a<24>          |y<26>          |   13.716|
a<24>          |y<27>          |   14.574|
a<24>          |y<28>          |   16.126|
a<24>          |y<29>          |   14.713|
a<24>          |y<30>          |   14.561|
a<24>          |y<31>          |   14.356|
a<24>          |zero           |   10.902|
a<25>          |y<0>           |   15.087|
a<25>          |y<1>           |   15.946|
a<25>          |y<2>           |   15.422|
a<25>          |y<3>           |   15.915|
a<25>          |y<4>           |   14.628|
a<25>          |y<5>           |   14.583|
a<25>          |y<6>           |   16.617|
a<25>          |y<7>           |   14.045|
a<25>          |y<8>           |   15.195|
a<25>          |y<9>           |   14.943|
a<25>          |y<10>          |   15.453|
a<25>          |y<11>          |   14.040|
a<25>          |y<12>          |   15.874|
a<25>          |y<13>          |   13.868|
a<25>          |y<14>          |   15.274|
a<25>          |y<15>          |   13.684|
a<25>          |y<16>          |   14.352|
a<25>          |y<17>          |   13.546|
a<25>          |y<18>          |   15.086|
a<25>          |y<19>          |   14.546|
a<25>          |y<20>          |   16.323|
a<25>          |y<21>          |   16.020|
a<25>          |y<22>          |   15.928|
a<25>          |y<23>          |   15.486|
a<25>          |y<24>          |   14.454|
a<25>          |y<25>          |   14.682|
a<25>          |y<26>          |   13.953|
a<25>          |y<27>          |   14.659|
a<25>          |y<28>          |   15.703|
a<25>          |y<29>          |   14.492|
a<25>          |y<30>          |   14.798|
a<25>          |y<31>          |   14.441|
a<25>          |zero           |   11.120|
a<26>          |y<0>           |   14.938|
a<26>          |y<1>           |   15.701|
a<26>          |y<2>           |   14.268|
a<26>          |y<3>           |   15.812|
a<26>          |y<4>           |   14.479|
a<26>          |y<5>           |   14.338|
a<26>          |y<6>           |   15.147|
a<26>          |y<7>           |   13.942|
a<26>          |y<8>           |   15.046|
a<26>          |y<9>           |   14.698|
a<26>          |y<10>          |   13.640|
a<26>          |y<11>          |   13.937|
a<26>          |y<12>          |   15.725|
a<26>          |y<13>          |   13.623|
a<26>          |y<14>          |   14.618|
a<26>          |y<15>          |   13.581|
a<26>          |y<16>          |   14.203|
a<26>          |y<17>          |   13.301|
a<26>          |y<18>          |   13.932|
a<26>          |y<19>          |   14.443|
a<26>          |y<20>          |   16.174|
a<26>          |y<21>          |   15.775|
a<26>          |y<22>          |   14.458|
a<26>          |y<23>          |   15.383|
a<26>          |y<24>          |   14.305|
a<26>          |y<25>          |   13.666|
a<26>          |y<26>          |   14.463|
a<26>          |y<27>          |   15.642|
a<26>          |y<28>          |   15.800|
a<26>          |y<29>          |   16.101|
a<26>          |y<30>          |   15.308|
a<26>          |y<31>          |   15.424|
a<26>          |zero           |   11.335|
a<27>          |y<0>           |   14.820|
a<27>          |y<1>           |   15.309|
a<27>          |y<2>           |   14.806|
a<27>          |y<3>           |   15.790|
a<27>          |y<4>           |   14.361|
a<27>          |y<5>           |   13.946|
a<27>          |y<6>           |   15.685|
a<27>          |y<7>           |   14.058|
a<27>          |y<8>           |   14.928|
a<27>          |y<9>           |   14.306|
a<27>          |y<10>          |   14.178|
a<27>          |y<11>          |   14.372|
a<27>          |y<12>          |   15.607|
a<27>          |y<13>          |   13.231|
a<27>          |y<14>          |   15.156|
a<27>          |y<15>          |   13.321|
a<27>          |y<16>          |   14.085|
a<27>          |y<17>          |   12.909|
a<27>          |y<18>          |   14.470|
a<27>          |y<19>          |   14.421|
a<27>          |y<20>          |   16.056|
a<27>          |y<21>          |   15.383|
a<27>          |y<22>          |   14.996|
a<27>          |y<23>          |   15.499|
a<27>          |y<24>          |   14.187|
a<27>          |y<25>          |   13.274|
a<27>          |y<26>          |   13.998|
a<27>          |y<27>          |   14.782|
a<27>          |y<28>          |   15.826|
a<27>          |y<29>          |   15.103|
a<27>          |y<30>          |   15.212|
a<27>          |y<31>          |   14.564|
a<27>          |zero           |   11.741|
a<28>          |y<0>           |   14.167|
a<28>          |y<1>           |   15.021|
a<28>          |y<2>           |   14.768|
a<28>          |y<3>           |   15.599|
a<28>          |y<4>           |   13.740|
a<28>          |y<5>           |   13.658|
a<28>          |y<6>           |   15.647|
a<28>          |y<7>           |   13.867|
a<28>          |y<8>           |   14.307|
a<28>          |y<9>           |   14.018|
a<28>          |y<10>          |   14.140|
a<28>          |y<11>          |   14.181|
a<28>          |y<12>          |   13.929|
a<28>          |y<13>          |   12.943|
a<28>          |y<14>          |   15.118|
a<28>          |y<15>          |   13.130|
a<28>          |y<16>          |   13.432|
a<28>          |y<17>          |   12.621|
a<28>          |y<18>          |   14.432|
a<28>          |y<19>          |   14.230|
a<28>          |y<20>          |   15.435|
a<28>          |y<21>          |   15.095|
a<28>          |y<22>          |   14.958|
a<28>          |y<23>          |   15.308|
a<28>          |y<24>          |   13.566|
a<28>          |y<25>          |   12.986|
a<28>          |y<26>          |   13.960|
a<28>          |y<27>          |   14.122|
a<28>          |y<28>          |   14.859|
a<28>          |y<29>          |   15.160|
a<28>          |y<30>          |   14.998|
a<28>          |y<31>          |   13.026|
a<28>          |zero           |   10.753|
a<29>          |y<0>           |   13.954|
a<29>          |y<1>           |   15.540|
a<29>          |y<2>           |   14.332|
a<29>          |y<3>           |   15.518|
a<29>          |y<4>           |   13.527|
a<29>          |y<5>           |   14.580|
a<29>          |y<6>           |   15.211|
a<29>          |y<7>           |   13.786|
a<29>          |y<8>           |   14.094|
a<29>          |y<9>           |   14.940|
a<29>          |y<10>          |   13.704|
a<29>          |y<11>          |   14.100|
a<29>          |y<12>          |   13.716|
a<29>          |y<13>          |   12.978|
a<29>          |y<14>          |   14.682|
a<29>          |y<15>          |   13.049|
a<29>          |y<16>          |   13.219|
a<29>          |y<17>          |   13.140|
a<29>          |y<18>          |   13.996|
a<29>          |y<19>          |   14.149|
a<29>          |y<20>          |   15.222|
a<29>          |y<21>          |   16.017|
a<29>          |y<22>          |   14.522|
a<29>          |y<23>          |   15.227|
a<29>          |y<24>          |   13.353|
a<29>          |y<25>          |   13.908|
a<29>          |y<26>          |   13.524|
a<29>          |y<27>          |   14.041|
a<29>          |y<28>          |   13.738|
a<29>          |y<29>          |   14.934|
a<29>          |y<30>          |   15.043|
a<29>          |y<31>          |   12.280|
a<29>          |zero           |   11.180|
a<30>          |y<0>           |   14.213|
a<30>          |y<1>           |   15.469|
a<30>          |y<2>           |   14.123|
a<30>          |y<3>           |   15.181|
a<30>          |y<4>           |   13.786|
a<30>          |y<5>           |   14.509|
a<30>          |y<6>           |   14.686|
a<30>          |y<7>           |   13.449|
a<30>          |y<8>           |   14.353|
a<30>          |y<9>           |   14.869|
a<30>          |y<10>          |   12.970|
a<30>          |y<11>          |   13.763|
a<30>          |y<12>          |   13.975|
a<30>          |y<13>          |   12.907|
a<30>          |y<14>          |   13.417|
a<30>          |y<15>          |   12.712|
a<30>          |y<16>          |   13.478|
a<30>          |y<17>          |   13.069|
a<30>          |y<18>          |   13.787|
a<30>          |y<19>          |   13.812|
a<30>          |y<20>          |   15.481|
a<30>          |y<21>          |   15.946|
a<30>          |y<22>          |   13.997|
a<30>          |y<23>          |   14.890|
a<30>          |y<24>          |   13.612|
a<30>          |y<25>          |   13.837|
a<30>          |y<26>          |   12.790|
a<30>          |y<27>          |   13.704|
a<30>          |y<28>          |   13.997|
a<30>          |y<29>          |   13.320|
a<30>          |y<30>          |   14.856|
a<30>          |y<31>          |   12.884|
a<30>          |zero           |   11.083|
a<31>          |y<0>           |   14.740|
a<31>          |y<1>           |   15.246|
a<31>          |y<2>           |   13.900|
a<31>          |y<3>           |   15.688|
a<31>          |y<4>           |   14.313|
a<31>          |y<5>           |   14.286|
a<31>          |y<6>           |   14.463|
a<31>          |y<7>           |   13.900|
a<31>          |y<8>           |   14.880|
a<31>          |y<9>           |   14.646|
a<31>          |y<10>          |   12.911|
a<31>          |y<11>          |   13.437|
a<31>          |y<12>          |   14.502|
a<31>          |y<13>          |   12.684|
a<31>          |y<14>          |   13.209|
a<31>          |y<15>          |   13.117|
a<31>          |y<16>          |   14.005|
a<31>          |y<17>          |   12.846|
a<31>          |y<18>          |   13.564|
a<31>          |y<19>          |   14.319|
a<31>          |y<20>          |   16.008|
a<31>          |y<21>          |   15.723|
a<31>          |y<22>          |   13.774|
a<31>          |y<23>          |   15.341|
a<31>          |y<24>          |   14.139|
a<31>          |y<25>          |   13.614|
a<31>          |y<26>          |   12.731|
a<31>          |y<27>          |   13.378|
a<31>          |y<28>          |   14.524|
a<31>          |y<29>          |   13.097|
a<31>          |y<30>          |   12.380|
a<31>          |y<31>          |   12.928|
a<31>          |zero           |   11.190|
b<0>           |y<0>           |   15.890|
b<0>           |y<1>           |   17.134|
b<0>           |y<2>           |   16.834|
b<0>           |y<3>           |   15.940|
b<0>           |y<4>           |   15.797|
b<0>           |y<5>           |   15.661|
b<0>           |y<6>           |   16.587|
b<0>           |y<7>           |   14.497|
b<0>           |y<8>           |   15.585|
b<0>           |y<9>           |   15.422|
b<0>           |y<10>          |   15.302|
b<0>           |y<11>          |   14.220|
b<0>           |y<12>          |   16.407|
b<0>           |y<13>          |   15.459|
b<0>           |y<14>          |   16.613|
b<0>           |y<15>          |   14.966|
b<0>           |y<16>          |   15.425|
b<0>           |y<17>          |   15.547|
b<0>           |y<18>          |   15.964|
b<0>           |y<19>          |   15.472|
b<0>           |y<20>          |   15.531|
b<0>           |y<21>          |   16.190|
b<0>           |y<22>          |   15.196|
b<0>           |y<23>          |   15.052|
b<0>           |y<24>          |   15.107|
b<0>           |y<25>          |   15.368|
b<0>           |y<26>          |   14.995|
b<0>           |y<27>          |   16.044|
b<0>           |y<28>          |   17.283|
b<0>           |y<29>          |   15.475|
b<0>           |y<30>          |   16.201|
b<0>           |y<31>          |   14.619|
b<0>           |zero           |   11.536|
b<1>           |y<0>           |   17.047|
b<1>           |y<1>           |   16.965|
b<1>           |y<2>           |   16.943|
b<1>           |y<3>           |   17.080|
b<1>           |y<4>           |   16.098|
b<1>           |y<5>           |   15.507|
b<1>           |y<6>           |   16.379|
b<1>           |y<7>           |   14.487|
b<1>           |y<8>           |   15.807|
b<1>           |y<9>           |   15.526|
b<1>           |y<10>          |   15.215|
b<1>           |y<11>          |   14.210|
b<1>           |y<12>          |   16.470|
b<1>           |y<13>          |   15.255|
b<1>           |y<14>          |   16.092|
b<1>           |y<15>          |   14.995|
b<1>           |y<16>          |   15.488|
b<1>           |y<17>          |   15.592|
b<1>           |y<18>          |   15.908|
b<1>           |y<19>          |   15.501|
b<1>           |y<20>          |   15.531|
b<1>           |y<21>          |   15.531|
b<1>           |y<22>          |   15.690|
b<1>           |y<23>          |   15.098|
b<1>           |y<24>          |   15.322|
b<1>           |y<25>          |   15.267|
b<1>           |y<26>          |   14.939|
b<1>           |y<27>          |   16.073|
b<1>           |y<28>          |   17.346|
b<1>           |y<29>          |   15.872|
b<1>           |y<30>          |   15.680|
b<1>           |y<31>          |   15.195|
b<1>           |zero           |   11.622|
b<2>           |y<0>           |   15.054|
b<2>           |y<1>           |   15.914|
b<2>           |y<2>           |   15.386|
b<2>           |y<3>           |   14.627|
b<2>           |y<4>           |   14.503|
b<2>           |y<5>           |   14.738|
b<2>           |y<6>           |   14.293|
b<2>           |y<7>           |   13.105|
b<2>           |y<8>           |   13.972|
b<2>           |y<9>           |   14.062|
b<2>           |y<10>          |   14.053|
b<2>           |y<11>          |   13.135|
b<2>           |y<12>          |   15.113|
b<2>           |y<13>          |   14.716|
b<2>           |y<14>          |   16.529|
b<2>           |y<15>          |   13.947|
b<2>           |y<16>          |   13.847|
b<2>           |y<17>          |   14.731|
b<2>           |y<18>          |   15.068|
b<2>           |y<19>          |   13.813|
b<2>           |y<20>          |   15.100|
b<2>           |y<21>          |   15.395|
b<2>           |y<22>          |   14.585|
b<2>           |y<23>          |   14.572|
b<2>           |y<24>          |   13.380|
b<2>           |y<25>          |   14.156|
b<2>           |y<26>          |   14.879|
b<2>           |y<27>          |   14.265|
b<2>           |y<28>          |   15.989|
b<2>           |y<29>          |   14.732|
b<2>           |y<30>          |   16.117|
b<2>           |y<31>          |   13.968|
b<2>           |zero           |   11.522|
b<3>           |y<0>           |   15.225|
b<3>           |y<1>           |   15.885|
b<3>           |y<2>           |   15.875|
b<3>           |y<3>           |   14.889|
b<3>           |y<4>           |   14.601|
b<3>           |y<5>           |   13.362|
b<3>           |y<6>           |   14.863|
b<3>           |y<7>           |   12.854|
b<3>           |y<8>           |   13.954|
b<3>           |y<9>           |   13.271|
b<3>           |y<10>          |   14.004|
b<3>           |y<11>          |   12.741|
b<3>           |y<12>          |   14.313|
b<3>           |y<13>          |   13.088|
b<3>           |y<14>          |   13.825|
b<3>           |y<15>          |   12.538|
b<3>           |y<16>          |   13.908|
b<3>           |y<17>          |   14.404|
b<3>           |y<18>          |   14.601|
b<3>           |y<19>          |   13.538|
b<3>           |y<20>          |   14.359|
b<3>           |y<21>          |   14.832|
b<3>           |y<22>          |   13.276|
b<3>           |y<23>          |   14.295|
b<3>           |y<24>          |   13.787|
b<3>           |y<25>          |   14.522|
b<3>           |y<26>          |   14.080|
b<3>           |y<27>          |   14.211|
b<3>           |y<28>          |   15.068|
b<3>           |y<29>          |   14.375|
b<3>           |y<30>          |   14.458|
b<3>           |y<31>          |   13.122|
b<3>           |zero           |   10.838|
b<4>           |y<0>           |   13.177|
b<4>           |y<1>           |   15.295|
b<4>           |y<2>           |   14.583|
b<4>           |y<3>           |   14.131|
b<4>           |y<4>           |   13.474|
b<4>           |y<5>           |   14.032|
b<4>           |y<6>           |   13.756|
b<4>           |y<7>           |   12.591|
b<4>           |y<8>           |   13.207|
b<4>           |y<9>           |   13.813|
b<4>           |y<10>          |   13.869|
b<4>           |y<11>          |   12.204|
b<4>           |y<12>          |   14.444|
b<4>           |y<13>          |   13.532|
b<4>           |y<14>          |   13.415|
b<4>           |y<15>          |   13.082|
b<4>           |y<16>          |   13.489|
b<4>           |y<17>          |   13.366|
b<4>           |y<18>          |   13.116|
b<4>           |y<19>          |   12.363|
b<4>           |y<20>          |   14.108|
b<4>           |y<21>          |   14.956|
b<4>           |y<22>          |   13.170|
b<4>           |y<23>          |   14.133|
b<4>           |y<24>          |   13.601|
b<4>           |y<25>          |   14.087|
b<4>           |y<26>          |   13.098|
b<4>           |y<27>          |   13.530|
b<4>           |y<28>          |   14.187|
b<4>           |y<29>          |   13.590|
b<4>           |y<30>          |   13.642|
b<4>           |y<31>          |   13.051|
b<4>           |zero           |   11.518|
b<5>           |y<5>           |   12.112|
b<5>           |y<6>           |   13.084|
b<5>           |y<7>           |   11.921|
b<5>           |y<8>           |   11.822|
b<5>           |y<9>           |   12.258|
b<5>           |y<10>          |   12.438|
b<5>           |y<11>          |   11.659|
b<5>           |y<12>          |   13.007|
b<5>           |y<13>          |   11.665|
b<5>           |y<14>          |   13.054|
b<5>           |y<15>          |   11.385|
b<5>           |y<16>          |   11.645|
b<5>           |y<17>          |   11.539|
b<5>           |y<18>          |   11.991|
b<5>           |y<19>          |   11.664|
b<5>           |y<20>          |   13.747|
b<5>           |y<21>          |   14.595|
b<5>           |y<22>          |   12.809|
b<5>           |y<23>          |   13.772|
b<5>           |y<24>          |   12.580|
b<5>           |y<25>          |   12.825|
b<5>           |y<26>          |   12.461|
b<5>           |y<27>          |   12.276|
b<5>           |y<28>          |   12.657|
b<5>           |y<29>          |   12.909|
b<5>           |y<30>          |   12.104|
b<5>           |y<31>          |   12.144|
b<5>           |zero           |   11.272|
b<6>           |y<6>           |   13.195|
b<6>           |y<7>           |   12.028|
b<6>           |y<8>           |   11.975|
b<6>           |y<9>           |   12.411|
b<6>           |y<10>          |   12.591|
b<6>           |y<11>          |   11.812|
b<6>           |y<12>          |   13.160|
b<6>           |y<13>          |   11.818|
b<6>           |y<14>          |   13.207|
b<6>           |y<15>          |   11.538|
b<6>           |y<16>          |   11.798|
b<6>           |y<17>          |   11.692|
b<6>           |y<18>          |   12.144|
b<6>           |y<19>          |   11.817|
b<6>           |y<20>          |   13.900|
b<6>           |y<21>          |   14.748|
b<6>           |y<22>          |   12.962|
b<6>           |y<23>          |   13.925|
b<6>           |y<24>          |   12.733|
b<6>           |y<25>          |   12.978|
b<6>           |y<26>          |   12.614|
b<6>           |y<27>          |   12.429|
b<6>           |y<28>          |   12.810|
b<6>           |y<29>          |   13.062|
b<6>           |y<30>          |   12.257|
b<6>           |y<31>          |   12.297|
b<6>           |zero           |   11.060|
b<7>           |y<7>           |   12.257|
b<7>           |y<8>           |   12.205|
b<7>           |y<9>           |   12.641|
b<7>           |y<10>          |   12.821|
b<7>           |y<11>          |   12.042|
b<7>           |y<12>          |   13.390|
b<7>           |y<13>          |   12.048|
b<7>           |y<14>          |   13.437|
b<7>           |y<15>          |   11.768|
b<7>           |y<16>          |   12.028|
b<7>           |y<17>          |   11.922|
b<7>           |y<18>          |   12.374|
b<7>           |y<19>          |   12.047|
b<7>           |y<20>          |   14.130|
b<7>           |y<21>          |   14.978|
b<7>           |y<22>          |   13.192|
b<7>           |y<23>          |   14.155|
b<7>           |y<24>          |   12.963|
b<7>           |y<25>          |   13.208|
b<7>           |y<26>          |   12.844|
b<7>           |y<27>          |   12.659|
b<7>           |y<28>          |   13.040|
b<7>           |y<29>          |   13.292|
b<7>           |y<30>          |   12.487|
b<7>           |y<31>          |   12.527|
b<7>           |zero           |   11.480|
b<8>           |y<8>           |   12.467|
b<8>           |y<9>           |   12.556|
b<8>           |y<10>          |   12.825|
b<8>           |y<11>          |   12.063|
b<8>           |y<12>          |   13.452|
b<8>           |y<13>          |   12.110|
b<8>           |y<14>          |   13.499|
b<8>           |y<15>          |   11.830|
b<8>           |y<16>          |   12.090|
b<8>           |y<17>          |   11.984|
b<8>           |y<18>          |   12.436|
b<8>           |y<19>          |   12.109|
b<8>           |y<20>          |   14.192|
b<8>           |y<21>          |   15.040|
b<8>           |y<22>          |   13.254|
b<8>           |y<23>          |   14.217|
b<8>           |y<24>          |   13.025|
b<8>           |y<25>          |   13.270|
b<8>           |y<26>          |   12.906|
b<8>           |y<27>          |   12.721|
b<8>           |y<28>          |   13.102|
b<8>           |y<29>          |   13.354|
b<8>           |y<30>          |   12.549|
b<8>           |y<31>          |   12.589|
b<8>           |zero           |   11.668|
b<9>           |y<9>           |   12.610|
b<9>           |y<10>          |   12.924|
b<9>           |y<11>          |   12.168|
b<9>           |y<12>          |   13.550|
b<9>           |y<13>          |   12.208|
b<9>           |y<14>          |   13.597|
b<9>           |y<15>          |   11.928|
b<9>           |y<16>          |   12.188|
b<9>           |y<17>          |   12.082|
b<9>           |y<18>          |   12.534|
b<9>           |y<19>          |   12.207|
b<9>           |y<20>          |   14.290|
b<9>           |y<21>          |   15.138|
b<9>           |y<22>          |   13.352|
b<9>           |y<23>          |   14.315|
b<9>           |y<24>          |   13.123|
b<9>           |y<25>          |   13.368|
b<9>           |y<26>          |   13.004|
b<9>           |y<27>          |   12.819|
b<9>           |y<28>          |   13.200|
b<9>           |y<29>          |   13.452|
b<9>           |y<30>          |   12.647|
b<9>           |y<31>          |   12.687|
b<9>           |zero           |   11.551|
b<10>          |y<10>          |   12.994|
b<10>          |y<11>          |   11.918|
b<10>          |y<12>          |   13.346|
b<10>          |y<13>          |   12.004|
b<10>          |y<14>          |   13.393|
b<10>          |y<15>          |   11.724|
b<10>          |y<16>          |   11.984|
b<10>          |y<17>          |   11.878|
b<10>          |y<18>          |   12.330|
b<10>          |y<19>          |   12.003|
b<10>          |y<20>          |   14.086|
b<10>          |y<21>          |   14.934|
b<10>          |y<22>          |   13.148|
b<10>          |y<23>          |   14.111|
b<10>          |y<24>          |   12.919|
b<10>          |y<25>          |   13.164|
b<10>          |y<26>          |   12.800|
b<10>          |y<27>          |   12.615|
b<10>          |y<28>          |   12.996|
b<10>          |y<29>          |   13.248|
b<10>          |y<30>          |   12.443|
b<10>          |y<31>          |   12.483|
b<10>          |zero           |   11.663|
b<11>          |y<11>          |   11.453|
b<11>          |y<12>          |   12.883|
b<11>          |y<13>          |   11.541|
b<11>          |y<14>          |   12.930|
b<11>          |y<15>          |   11.261|
b<11>          |y<16>          |   11.521|
b<11>          |y<17>          |   11.415|
b<11>          |y<18>          |   11.867|
b<11>          |y<19>          |   11.540|
b<11>          |y<20>          |   13.623|
b<11>          |y<21>          |   14.471|
b<11>          |y<22>          |   12.685|
b<11>          |y<23>          |   13.648|
b<11>          |y<24>          |   12.456|
b<11>          |y<25>          |   12.701|
b<11>          |y<26>          |   12.337|
b<11>          |y<27>          |   12.152|
b<11>          |y<28>          |   12.533|
b<11>          |y<29>          |   12.785|
b<11>          |y<30>          |   11.980|
b<11>          |y<31>          |   12.020|
b<11>          |zero           |   11.319|
b<12>          |y<12>          |   12.654|
b<12>          |y<13>          |   11.284|
b<12>          |y<14>          |   12.762|
b<12>          |y<15>          |   11.110|
b<12>          |y<16>          |   11.411|
b<12>          |y<17>          |   11.305|
b<12>          |y<18>          |   11.757|
b<12>          |y<19>          |   11.430|
b<12>          |y<20>          |   13.513|
b<12>          |y<21>          |   14.361|
b<12>          |y<22>          |   12.575|
b<12>          |y<23>          |   13.538|
b<12>          |y<24>          |   12.346|
b<12>          |y<25>          |   12.591|
b<12>          |y<26>          |   12.227|
b<12>          |y<27>          |   12.042|
b<12>          |y<28>          |   12.423|
b<12>          |y<29>          |   12.675|
b<12>          |y<30>          |   11.870|
b<12>          |y<31>          |   11.910|
b<12>          |zero           |   11.113|
b<13>          |y<13>          |   11.328|
b<13>          |y<14>          |   12.851|
b<13>          |y<15>          |   11.205|
b<13>          |y<16>          |   11.499|
b<13>          |y<17>          |   11.393|
b<13>          |y<18>          |   11.845|
b<13>          |y<19>          |   11.518|
b<13>          |y<20>          |   13.601|
b<13>          |y<21>          |   14.449|
b<13>          |y<22>          |   12.663|
b<13>          |y<23>          |   13.626|
b<13>          |y<24>          |   12.434|
b<13>          |y<25>          |   12.679|
b<13>          |y<26>          |   12.315|
b<13>          |y<27>          |   12.130|
b<13>          |y<28>          |   12.511|
b<13>          |y<29>          |   12.763|
b<13>          |y<30>          |   11.958|
b<13>          |y<31>          |   11.998|
b<13>          |zero           |   11.208|
b<14>          |y<14>          |   13.335|
b<14>          |y<15>          |   11.685|
b<14>          |y<16>          |   12.025|
b<14>          |y<17>          |   11.919|
b<14>          |y<18>          |   12.371|
b<14>          |y<19>          |   12.044|
b<14>          |y<20>          |   14.127|
b<14>          |y<21>          |   14.975|
b<14>          |y<22>          |   13.189|
b<14>          |y<23>          |   14.152|
b<14>          |y<24>          |   12.960|
b<14>          |y<25>          |   13.205|
b<14>          |y<26>          |   12.841|
b<14>          |y<27>          |   12.656|
b<14>          |y<28>          |   13.037|
b<14>          |y<29>          |   13.289|
b<14>          |y<30>          |   12.484|
b<14>          |y<31>          |   12.524|
b<14>          |zero           |   11.660|
b<15>          |y<15>          |   12.516|
b<15>          |y<16>          |   11.899|
b<15>          |y<17>          |   11.793|
b<15>          |y<18>          |   12.245|
b<15>          |y<19>          |   11.918|
b<15>          |y<20>          |   14.001|
b<15>          |y<21>          |   14.849|
b<15>          |y<22>          |   13.063|
b<15>          |y<23>          |   14.026|
b<15>          |y<24>          |   12.834|
b<15>          |y<25>          |   13.079|
b<15>          |y<26>          |   12.715|
b<15>          |y<27>          |   12.530|
b<15>          |y<28>          |   12.911|
b<15>          |y<29>          |   13.163|
b<15>          |y<30>          |   12.358|
b<15>          |y<31>          |   12.398|
b<15>          |zero           |   12.336|
b<16>          |y<16>          |   12.394|
b<16>          |y<17>          |   11.829|
b<16>          |y<18>          |   12.370|
b<16>          |y<19>          |   12.060|
b<16>          |y<20>          |   14.184|
b<16>          |y<21>          |   15.032|
b<16>          |y<22>          |   13.246|
b<16>          |y<23>          |   14.209|
b<16>          |y<24>          |   13.017|
b<16>          |y<25>          |   13.262|
b<16>          |y<26>          |   12.898|
b<16>          |y<27>          |   12.713|
b<16>          |y<28>          |   13.094|
b<16>          |y<29>          |   13.346|
b<16>          |y<30>          |   12.541|
b<16>          |y<31>          |   12.581|
b<16>          |zero           |   11.827|
b<17>          |y<17>          |   12.042|
b<17>          |y<18>          |   12.454|
b<17>          |y<19>          |   12.150|
b<17>          |y<20>          |   14.267|
b<17>          |y<21>          |   15.115|
b<17>          |y<22>          |   13.329|
b<17>          |y<23>          |   14.292|
b<17>          |y<24>          |   13.100|
b<17>          |y<25>          |   13.345|
b<17>          |y<26>          |   12.981|
b<17>          |y<27>          |   12.796|
b<17>          |y<28>          |   13.177|
b<17>          |y<29>          |   13.429|
b<17>          |y<30>          |   12.624|
b<17>          |y<31>          |   12.664|
b<17>          |zero           |   11.795|
b<18>          |y<18>          |   12.787|
b<18>          |y<19>          |   11.774|
b<18>          |y<20>          |   13.937|
b<18>          |y<21>          |   14.785|
b<18>          |y<22>          |   12.999|
b<18>          |y<23>          |   13.962|
b<18>          |y<24>          |   12.770|
b<18>          |y<25>          |   13.015|
b<18>          |y<26>          |   12.651|
b<18>          |y<27>          |   12.466|
b<18>          |y<28>          |   12.847|
b<18>          |y<29>          |   13.099|
b<18>          |y<30>          |   12.294|
b<18>          |y<31>          |   12.334|
b<18>          |zero           |   11.705|
b<19>          |y<19>          |   11.622|
b<19>          |y<20>          |   13.787|
b<19>          |y<21>          |   14.635|
b<19>          |y<22>          |   12.849|
b<19>          |y<23>          |   13.812|
b<19>          |y<24>          |   12.620|
b<19>          |y<25>          |   12.865|
b<19>          |y<26>          |   12.501|
b<19>          |y<27>          |   12.316|
b<19>          |y<28>          |   12.697|
b<19>          |y<29>          |   12.949|
b<19>          |y<30>          |   12.144|
b<19>          |y<31>          |   12.184|
b<19>          |zero           |   11.264|
b<20>          |y<20>          |   14.225|
b<20>          |y<21>          |   15.045|
b<20>          |y<22>          |   13.348|
b<20>          |y<23>          |   14.328|
b<20>          |y<24>          |   13.177|
b<20>          |y<25>          |   13.422|
b<20>          |y<26>          |   13.058|
b<20>          |y<27>          |   12.873|
b<20>          |y<28>          |   13.254|
b<20>          |y<29>          |   13.506|
b<20>          |y<30>          |   12.701|
b<20>          |y<31>          |   12.741|
b<20>          |zero           |   11.569|
b<21>          |y<21>          |   14.569|
b<21>          |y<22>          |   12.917|
b<21>          |y<23>          |   13.903|
b<21>          |y<24>          |   12.745|
b<21>          |y<25>          |   12.990|
b<21>          |y<26>          |   12.626|
b<21>          |y<27>          |   12.441|
b<21>          |y<28>          |   12.822|
b<21>          |y<29>          |   13.074|
b<21>          |y<30>          |   12.269|
b<21>          |y<31>          |   12.309|
b<21>          |zero           |   11.272|
b<22>          |y<22>          |   13.061|
b<22>          |y<23>          |   13.515|
b<22>          |y<24>          |   12.403|
b<22>          |y<25>          |   12.648|
b<22>          |y<26>          |   12.284|
b<22>          |y<27>          |   12.099|
b<22>          |y<28>          |   12.480|
b<22>          |y<29>          |   12.732|
b<22>          |y<30>          |   11.927|
b<22>          |y<31>          |   11.967|
b<22>          |zero           |   11.161|
b<23>          |y<23>          |   14.271|
b<23>          |y<24>          |   13.161|
b<23>          |y<25>          |   13.406|
b<23>          |y<26>          |   13.042|
b<23>          |y<27>          |   12.857|
b<23>          |y<28>          |   13.238|
b<23>          |y<29>          |   13.490|
b<23>          |y<30>          |   12.685|
b<23>          |y<31>          |   12.725|
b<23>          |zero           |   12.060|
b<24>          |y<24>          |   12.927|
b<24>          |y<25>          |   12.927|
b<24>          |y<26>          |   12.652|
b<24>          |y<27>          |   12.484|
b<24>          |y<28>          |   12.906|
b<24>          |y<29>          |   13.158|
b<24>          |y<30>          |   12.353|
b<24>          |y<31>          |   12.393|
b<24>          |zero           |   11.488|
b<25>          |y<25>          |   13.181|
b<25>          |y<26>          |   12.951|
b<25>          |y<27>          |   12.789|
b<25>          |y<28>          |   13.204|
b<25>          |y<29>          |   13.456|
b<25>          |y<30>          |   12.651|
b<25>          |y<31>          |   12.691|
b<25>          |zero           |   12.091|
b<26>          |y<26>          |   12.786|
b<26>          |y<27>          |   12.120|
b<26>          |y<28>          |   12.581|
b<26>          |y<29>          |   12.833|
b<26>          |y<30>          |   12.028|
b<26>          |y<31>          |   12.068|
b<26>          |zero           |   11.480|
b<27>          |y<27>          |   13.301|
b<27>          |y<28>          |   12.725|
b<27>          |y<29>          |   12.977|
b<27>          |y<30>          |   12.172|
b<27>          |y<31>          |   12.212|
b<27>          |zero           |   11.910|
b<28>          |y<28>          |   13.560|
b<28>          |y<29>          |   13.002|
b<28>          |y<30>          |   12.286|
b<28>          |y<31>          |   12.343|
b<28>          |zero           |   11.711|
b<29>          |y<29>          |   13.259|
b<29>          |y<30>          |   12.111|
b<29>          |y<31>          |   12.174|
b<29>          |zero           |   11.620|
b<30>          |y<30>          |   12.678|
b<30>          |y<31>          |   11.914|
b<30>          |zero           |   11.414|
b<31>          |y<31>          |   12.562|
b<31>          |zero           |   10.996|
op<0>          |y<0>           |   16.711|
op<0>          |y<1>           |   17.937|
op<0>          |y<2>           |   16.716|
op<0>          |y<3>           |   15.550|
op<0>          |y<4>           |   15.156|
op<0>          |y<5>           |   14.550|
op<0>          |y<6>           |   15.388|
op<0>          |y<7>           |   14.202|
op<0>          |y<8>           |   14.069|
op<0>          |y<9>           |   14.505|
op<0>          |y<10>          |   14.685|
op<0>          |y<11>          |   14.293|
op<0>          |y<12>          |   15.254|
op<0>          |y<13>          |   13.912|
op<0>          |y<14>          |   15.301|
op<0>          |y<15>          |   13.632|
op<0>          |y<16>          |   13.892|
op<0>          |y<17>          |   16.702|
op<0>          |y<18>          |   15.946|
op<0>          |y<19>          |   14.934|
op<0>          |y<20>          |   15.994|
op<0>          |y<21>          |   16.842|
op<0>          |y<22>          |   15.056|
op<0>          |y<23>          |   16.019|
op<0>          |y<24>          |   14.827|
op<0>          |y<25>          |   15.735|
op<0>          |y<26>          |   15.563|
op<0>          |y<27>          |   16.049|
op<0>          |y<28>          |   16.311|
op<0>          |y<29>          |   15.922|
op<0>          |y<30>          |   16.408|
op<0>          |y<31>          |   16.291|
op<1>          |y<0>           |   13.494|
op<1>          |y<1>           |   17.019|
op<1>          |y<2>           |   14.401|
op<1>          |y<3>           |   13.875|
op<1>          |y<4>           |   12.844|
op<1>          |y<5>           |   13.024|
op<1>          |y<6>           |   13.341|
op<1>          |y<7>           |   13.223|
op<1>          |y<8>           |   12.576|
op<1>          |y<9>           |   12.578|
op<1>          |y<10>          |   12.404|
op<1>          |y<11>          |   13.483|
op<1>          |y<12>          |   13.173|
op<1>          |y<13>          |   12.242|
op<1>          |y<14>          |   12.790|
op<1>          |y<15>          |   13.942|
op<1>          |y<16>          |   13.712|
op<1>          |y<17>          |   15.784|
op<1>          |y<18>          |   15.028|
op<1>          |y<19>          |   14.016|
op<1>          |y<20>          |   14.147|
op<1>          |y<21>          |   14.053|
op<1>          |y<22>          |   13.682|
op<1>          |y<23>          |   14.711|
op<1>          |y<24>          |   13.624|
op<1>          |y<25>          |   14.817|
op<1>          |y<26>          |   14.645|
op<1>          |y<27>          |   15.131|
op<1>          |y<28>          |   15.393|
op<1>          |y<29>          |   15.004|
op<1>          |y<30>          |   15.490|
op<1>          |y<31>          |   15.373|
op<2>          |y<0>           |   13.374|
op<2>          |y<1>           |   16.910|
op<2>          |y<2>           |   14.315|
op<2>          |y<3>           |   14.530|
op<2>          |y<4>           |   13.196|
op<2>          |y<5>           |   12.972|
op<2>          |y<6>           |   13.291|
op<2>          |y<7>           |   12.581|
op<2>          |y<8>           |   12.175|
op<2>          |y<9>           |   12.422|
op<2>          |y<10>          |   12.747|
op<2>          |y<11>          |   13.067|
op<2>          |y<12>          |   13.298|
op<2>          |y<13>          |   11.724|
op<2>          |y<14>          |   13.230|
op<2>          |y<15>          |   12.563|
op<2>          |y<16>          |   12.922|
op<2>          |y<17>          |   15.675|
op<2>          |y<18>          |   14.919|
op<2>          |y<19>          |   13.907|
op<2>          |y<20>          |   14.038|
op<2>          |y<21>          |   14.053|
op<2>          |y<22>          |   13.446|
op<2>          |y<23>          |   14.602|
op<2>          |y<24>          |   13.515|
op<2>          |y<25>          |   14.708|
op<2>          |y<26>          |   14.536|
op<2>          |y<27>          |   15.022|
op<2>          |y<28>          |   15.284|
op<2>          |y<29>          |   14.895|
op<2>          |y<30>          |   15.381|
op<2>          |y<31>          |   15.264|
op<3>          |y<0>           |   12.634|
op<3>          |y<1>           |   12.265|
op<3>          |y<2>           |   11.601|
op<3>          |y<3>           |   12.119|
op<3>          |y<4>           |   12.379|
op<3>          |y<5>           |   12.130|
op<3>          |y<6>           |   11.703|
op<3>          |y<7>           |   11.198|
op<3>          |y<8>           |   11.449|
op<3>          |y<9>           |   12.002|
op<3>          |y<10>          |   12.143|
op<3>          |y<11>          |   12.756|
op<3>          |y<12>          |   12.302|
op<3>          |y<13>          |   12.206|
op<3>          |y<14>          |   11.287|
op<3>          |y<15>          |   11.246|
op<3>          |y<16>          |   10.311|
op<3>          |y<17>          |   10.083|
op<3>          |y<18>          |   10.859|
op<3>          |y<19>          |   10.554|
op<3>          |y<20>          |   11.286|
op<3>          |y<21>          |   11.756|
op<3>          |y<22>          |   11.018|
op<3>          |y<23>          |   11.068|
op<3>          |y<24>          |   10.781|
op<3>          |y<25>          |   10.844|
op<3>          |y<26>          |   11.685|
op<3>          |y<27>          |   11.799|
op<3>          |y<28>          |   12.185|
op<3>          |y<29>          |   10.301|
op<3>          |y<30>          |   10.525|
op<3>          |y<31>          |   11.597|
---------------+---------------+---------+


Analysis completed Sun Jun 23 15:10:13 2024 
--------------------------------------------------------------------------------

Trace Settings:
-------------------------
Trace Settings 

Peak Memory Usage: 4576 MB



